<?xml version="1.0" encoding="UTF-8"?>
<heliumDataModel xmlns:xsi="http://www.w3.org/2001/XMLSchema-instance" xsi:noNamespaceSchemaLocation="..\tools\common\schema\helium_data_model.xsd">
<property>
        <name>build.version</name>
        <editStatus>discouraged</editStatus>
        <type>string</type>
        <description>Version of the build.</description>
    </property>
<property>
        <name>build.drive</name>
        <editStatus>discouraged</editStatus>
        <type>string</type>
        <description>Build Drive.</description>
    </property>
    
</heliumDataModel>
